<?xml version="1.0" encoding="UTF-8"?>
<TestRun id="b2efb164-d7f9-478b-99db-8f96420eba04" name="Praveen@PRAVEEN-VAIO 2013-07-01 23:53:43" runUser="Praveen-VAIO\Praveen" xmlns="http://microsoft.com/schemas/VisualStudio/TeamTest/2010">
  <TestSettings name="Local" id="83509279-feac-4b7e-a2ac-4a086aefac4c">
    <Description>These are default test settings for a local test run.</Description>
    <Deployment enabled="false" runDeploymentRoot="Praveen_PRAVEEN-VAIO 2013-07-01 23_53_43">
      <DeploymentItem filename="F:\Development\Pluralsight_videos\Design Patterns\32_Rules Pattern\RulesDemo\Core\bin\Debug\Core.dll" />
    </Deployment>
    <Execution>
      <TestTypeSpecific />
      <AgentRule name="Execution Agents">
      </AgentRule>
    </Execution>
  </TestSettings>
  <Times creation="2013-07-01T23:53:43.7944776+05:30" queuing="2013-07-01T23:53:43.9245643+05:30" start="2013-07-01T23:53:43.9725963+05:30" finish="2013-07-01T23:53:45.3034836+05:30" />
  <ResultSummary outcome="Completed">
    <Counters total="4" executed="4" passed="4" error="0" failed="0" timeout="0" aborted="0" inconclusive="0" passedButRunAborted="0" notRunnable="0" notExecuted="0" disconnected="0" warning="0" completed="0" inProgress="0" pending="0" />
  </ResultSummary>
  <TestDefinitions>
    <UnitTest name="Return22PctFor5YearsLoyalCustomerOnBirthDay" storage="f:\development\pluralsight_videos\design patterns\32_rules pattern\rulesdemo\unittests\bin\debug\unittests.dll" id="2510bde1-b454-8e81-4943-acb3a8ba55b4">
      <Execution id="955396fd-6b40-4aa0-8c36-8207544a5eaf" />
      <TestMethod codeBase="F:/Development/Pluralsight_videos/Design Patterns/32_Rules Pattern/RulesDemo/UnitTests/bin/Debug/UnitTests.DLL" adapterTypeName="Microsoft.VisualStudio.TestTools.TestTypes.Unit.UnitTestAdapter, Microsoft.VisualStudio.QualityTools.Tips.UnitTest.Adapter, Version=10.0.0.0, Culture=neutral, PublicKeyToken=b03f5f7f11d50a3a" className="UnitTests.StoreExample.DiscountCalculatorTest, UnitTests, Version=1.0.0.0, Culture=neutral, PublicKeyToken=null" name="Return22PctFor5YearsLoyalCustomerOnBirthDay" />
    </UnitTest>
    <UnitTest name="Return15PercentageForNewCustomer" storage="f:\development\pluralsight_videos\design patterns\32_rules pattern\rulesdemo\unittests\bin\debug\unittests.dll" id="2d7fed59-ad43-863d-5ed1-4532e934d973">
      <Execution id="583ad786-3d17-4fbc-8bff-ecf4655ef8e2" />
      <TestMethod codeBase="F:/Development/Pluralsight_videos/Design Patterns/32_Rules Pattern/RulesDemo/UnitTests/bin/Debug/UnitTests.DLL" adapterTypeName="Microsoft.VisualStudio.TestTools.TestTypes.Unit.UnitTestAdapter, Microsoft.VisualStudio.QualityTools.Tips.UnitTest.Adapter, Version=10.0.0.0, Culture=neutral, PublicKeyToken=b03f5f7f11d50a3a" className="UnitTests.StoreExample.DiscountCalculatorTest, UnitTests, Version=1.0.0.0, Culture=neutral, PublicKeyToken=null" name="Return15PercentageForNewCustomer" />
    </UnitTest>
    <UnitTest name="Return12PctFor5YearsLoyalCustomer" storage="f:\development\pluralsight_videos\design patterns\32_rules pattern\rulesdemo\unittests\bin\debug\unittests.dll" id="93f30d89-6950-500d-977b-01832703a7c4">
      <Execution id="e84d6160-148a-4319-b2eb-de0bb5f52be8" />
      <TestMethod codeBase="F:/Development/Pluralsight_videos/Design Patterns/32_Rules Pattern/RulesDemo/UnitTests/bin/Debug/UnitTests.DLL" adapterTypeName="Microsoft.VisualStudio.TestTools.TestTypes.Unit.UnitTestAdapter, Microsoft.VisualStudio.QualityTools.Tips.UnitTest.Adapter, Version=10.0.0.0, Culture=neutral, PublicKeyToken=b03f5f7f11d50a3a" className="UnitTests.StoreExample.DiscountCalculatorTest, UnitTests, Version=1.0.0.0, Culture=neutral, PublicKeyToken=null" name="Return12PctFor5YearsLoyalCustomer" />
    </UnitTest>
    <UnitTest name="Return5PercentSenior" storage="f:\development\pluralsight_videos\design patterns\32_rules pattern\rulesdemo\unittests\bin\debug\unittests.dll" id="8992ee32-3844-6cb3-c3b2-384cbb1be0f3">
      <Execution id="b07ec489-2914-4a67-ba21-4020cdeb497e" />
      <TestMethod codeBase="F:/Development/Pluralsight_videos/Design Patterns/32_Rules Pattern/RulesDemo/UnitTests/bin/Debug/UnitTests.DLL" adapterTypeName="Microsoft.VisualStudio.TestTools.TestTypes.Unit.UnitTestAdapter, Microsoft.VisualStudio.QualityTools.Tips.UnitTest.Adapter, Version=10.0.0.0, Culture=neutral, PublicKeyToken=b03f5f7f11d50a3a" className="UnitTests.StoreExample.DiscountCalculatorTest, UnitTests, Version=1.0.0.0, Culture=neutral, PublicKeyToken=null" name="Return5PercentSenior" />
    </UnitTest>
  </TestDefinitions>
  <TestLists>
    <TestList name="Results Not in a List" id="8c84fa94-04c1-424b-9868-57a2d4851a1d" />
    <TestList name="All Loaded Results" id="19431567-8539-422a-85d7-44ee4e166bda" />
  </TestLists>
  <TestEntries>
    <TestEntry testId="2510bde1-b454-8e81-4943-acb3a8ba55b4" executionId="955396fd-6b40-4aa0-8c36-8207544a5eaf" testListId="8c84fa94-04c1-424b-9868-57a2d4851a1d" />
    <TestEntry testId="2d7fed59-ad43-863d-5ed1-4532e934d973" executionId="583ad786-3d17-4fbc-8bff-ecf4655ef8e2" testListId="8c84fa94-04c1-424b-9868-57a2d4851a1d" />
    <TestEntry testId="8992ee32-3844-6cb3-c3b2-384cbb1be0f3" executionId="b07ec489-2914-4a67-ba21-4020cdeb497e" testListId="8c84fa94-04c1-424b-9868-57a2d4851a1d" />
    <TestEntry testId="93f30d89-6950-500d-977b-01832703a7c4" executionId="e84d6160-148a-4319-b2eb-de0bb5f52be8" testListId="8c84fa94-04c1-424b-9868-57a2d4851a1d" />
  </TestEntries>
  <Results>
    <UnitTestResult executionId="955396fd-6b40-4aa0-8c36-8207544a5eaf" testId="2510bde1-b454-8e81-4943-acb3a8ba55b4" testName="Return22PctFor5YearsLoyalCustomerOnBirthDay" computerName="PRAVEEN-VAIO" duration="00:00:00.0774863" startTime="2013-07-01T23:53:43.9655919+05:30" endTime="2013-07-01T23:53:45.0893404+05:30" testType="13cdc9d9-ddb5-4fa4-a97d-d965ccfc6d4b" outcome="Passed" testListId="8c84fa94-04c1-424b-9868-57a2d4851a1d" relativeResultsDirectory="955396fd-6b40-4aa0-8c36-8207544a5eaf">
    </UnitTestResult>
    <UnitTestResult executionId="583ad786-3d17-4fbc-8bff-ecf4655ef8e2" testId="2d7fed59-ad43-863d-5ed1-4532e934d973" testName="Return15PercentageForNewCustomer" computerName="PRAVEEN-VAIO" duration="00:00:00.0007697" startTime="2013-07-01T23:53:45.0983466+05:30" endTime="2013-07-01T23:53:45.1173599+05:30" testType="13cdc9d9-ddb5-4fa4-a97d-d965ccfc6d4b" outcome="Passed" testListId="8c84fa94-04c1-424b-9868-57a2d4851a1d" relativeResultsDirectory="583ad786-3d17-4fbc-8bff-ecf4655ef8e2">
    </UnitTestResult>
    <UnitTestResult executionId="b07ec489-2914-4a67-ba21-4020cdeb497e" testId="8992ee32-3844-6cb3-c3b2-384cbb1be0f3" testName="Return5PercentSenior" computerName="PRAVEEN-VAIO" duration="00:00:00.0060594" startTime="2013-07-01T23:53:45.1323693+05:30" endTime="2013-07-01T23:53:45.1503817+05:30" testType="13cdc9d9-ddb5-4fa4-a97d-d965ccfc6d4b" outcome="Passed" testListId="8c84fa94-04c1-424b-9868-57a2d4851a1d" relativeResultsDirectory="b07ec489-2914-4a67-ba21-4020cdeb497e">
    </UnitTestResult>
    <UnitTestResult executionId="e84d6160-148a-4319-b2eb-de0bb5f52be8" testId="93f30d89-6950-500d-977b-01832703a7c4" testName="Return12PctFor5YearsLoyalCustomer" computerName="PRAVEEN-VAIO" duration="00:00:00.0014027" startTime="2013-07-01T23:53:45.1583871+05:30" endTime="2013-07-01T23:53:45.1773991+05:30" testType="13cdc9d9-ddb5-4fa4-a97d-d965ccfc6d4b" outcome="Passed" testListId="8c84fa94-04c1-424b-9868-57a2d4851a1d" relativeResultsDirectory="e84d6160-148a-4319-b2eb-de0bb5f52be8">
    </UnitTestResult>
  </Results>
</TestRun>