<?xml version="1.0" encoding="UTF-8"?>
<TestRun id="b3f16207-59cc-4b0d-ae61-2e3e10994789" name="Praveen@PRAVEEN-VAIO 2013-07-01 23:51:28" runUser="Praveen-VAIO\Praveen" xmlns="http://microsoft.com/schemas/VisualStudio/TeamTest/2010">
  <TestSettings name="Local" id="83509279-feac-4b7e-a2ac-4a086aefac4c">
    <Description>These are default test settings for a local test run.</Description>
    <Deployment enabled="false" runDeploymentRoot="Praveen_PRAVEEN-VAIO 2013-07-01 23_51_28">
      <DeploymentItem filename="F:\Development\Pluralsight_videos\Design Patterns\32_Rules Pattern\RulesDemo\Core\bin\Debug\Core.dll" />
    </Deployment>
    <Execution>
      <TestTypeSpecific />
      <AgentRule name="Execution Agents">
      </AgentRule>
    </Execution>
  </TestSettings>
  <Times creation="2013-07-01T23:51:28.2469060+05:30" queuing="2013-07-01T23:51:28.3279565+05:30" start="2013-07-01T23:51:28.3389637+05:30" finish="2013-07-01T23:51:29.2075427+05:30" />
  <ResultSummary outcome="Failed">
    <Counters total="1" executed="1" error="0" failed="1" timeout="0" aborted="0" inconclusive="0" passedButRunAborted="0" notRunnable="0" notExecuted="0" disconnected="0" warning="0" passed="0" completed="0" inProgress="0" pending="0" />
  </ResultSummary>
  <TestDefinitions>
    <UnitTest name="Return15PctFor5YearsLoyalCustomer" storage="f:\development\pluralsight_videos\design patterns\32_rules pattern\rulesdemo\unittests\bin\debug\unittests.dll" id="a83adcb0-a054-20b7-a56b-c631d6cc2828">
      <Execution id="187410e1-208d-453c-8b81-39f736b72563" />
      <TestMethod codeBase="F:/Development/Pluralsight_videos/Design Patterns/32_Rules Pattern/RulesDemo/UnitTests/bin/Debug/UnitTests.DLL" adapterTypeName="Microsoft.VisualStudio.TestTools.TestTypes.Unit.UnitTestAdapter, Microsoft.VisualStudio.QualityTools.Tips.UnitTest.Adapter, Version=10.0.0.0, Culture=neutral, PublicKeyToken=b03f5f7f11d50a3a" className="UnitTests.StoreExample.DiscountCalculatorTest, UnitTests, Version=1.0.0.0, Culture=neutral, PublicKeyToken=null" name="Return15PctFor5YearsLoyalCustomer" />
    </UnitTest>
  </TestDefinitions>
  <TestLists>
    <TestList name="Results Not in a List" id="8c84fa94-04c1-424b-9868-57a2d4851a1d" />
    <TestList name="All Loaded Results" id="19431567-8539-422a-85d7-44ee4e166bda" />
  </TestLists>
  <TestEntries>
    <TestEntry testId="a83adcb0-a054-20b7-a56b-c631d6cc2828" executionId="187410e1-208d-453c-8b81-39f736b72563" testListId="8c84fa94-04c1-424b-9868-57a2d4851a1d" />
  </TestEntries>
  <Results>
    <UnitTestResult executionId="187410e1-208d-453c-8b81-39f736b72563" testId="a83adcb0-a054-20b7-a56b-c631d6cc2828" testName="Return15PctFor5YearsLoyalCustomer" computerName="PRAVEEN-VAIO" duration="00:00:00.1183340" startTime="2013-07-01T23:51:28.3469694+05:30" endTime="2013-07-01T23:51:29.1324937+05:30" testType="13cdc9d9-ddb5-4fa4-a97d-d965ccfc6d4b" outcome="Failed" testListId="8c84fa94-04c1-424b-9868-57a2d4851a1d" relativeResultsDirectory="187410e1-208d-453c-8b81-39f736b72563">
      <Output>
        <ErrorInfo>
          <Message>Assert.AreEqual failed. Expected:&lt;0.12&gt;. Actual:&lt;0.20&gt;. </Message>
          <StackTrace>   at UnitTests.StoreExample.DiscountCalculatorTest.Return15PctFor5YearsLoyalCustomer() in F:\Development\Pluralsight_videos\Design Patterns\32_Rules Pattern\RulesDemo\UnitTests\StoreExample\DiscountCalculatorTest.cs:line 97
</StackTrace>
        </ErrorInfo>
      </Output>
    </UnitTestResult>
  </Results>
</TestRun>