<?xml version="1.0" encoding="UTF-8"?>
<TestRun id="71412c36-10ec-42da-965a-54045d301c10" name="Praveen@PRAVEEN-VAIO 2013-07-02 01:20:52" runUser="Praveen-VAIO\Praveen" xmlns="http://microsoft.com/schemas/VisualStudio/TeamTest/2010">
  <TestSettings name="Default Test Settings" id="02a50ef4-0e89-4ebc-baea-8bb4117df345">
    <Execution>
      <TestTypeSpecific />
      <AgentRule name="Execution Agents">
      </AgentRule>
    </Execution>
    <Deployment runDeploymentRoot="Praveen_PRAVEEN-VAIO 2013-07-02 01_20_52" />
  </TestSettings>
  <Times creation="2013-07-02T01:20:52.1065218+05:30" queuing="2013-07-02T01:20:53.4584217+05:30" start="2013-07-02T01:20:53.6515506+05:30" finish="2013-07-02T01:20:54.6221981+05:30" />
  <ResultSummary outcome="Completed">
    <Counters total="4" executed="4" passed="4" error="0" failed="0" timeout="0" aborted="0" inconclusive="0" passedButRunAborted="0" notRunnable="0" notExecuted="0" disconnected="0" warning="0" completed="0" inProgress="0" pending="0" />
  </ResultSummary>
  <TestDefinitions>
    <UnitTest name="Return22PctFor5YearsLoyalCustomerOnBirthDay" storage="unittests\bin\debug\unittests.dll" id="2510bde1-b454-8e81-4943-acb3a8ba55b4">
      <Execution id="69ebd7fe-3ad2-4a73-b64b-febca6df2379" />
      <TestMethod codeBase="F:/Development/Pluralsight_videos/Design Patterns/32_Rules Pattern/RulesDemo/UnitTests/bin/Debug/UnitTests.DLL" adapterTypeName="Microsoft.VisualStudio.TestTools.TestTypes.Unit.UnitTestAdapter, Microsoft.VisualStudio.QualityTools.Tips.UnitTest.Adapter, Version=10.0.0.0, Culture=neutral, PublicKeyToken=b03f5f7f11d50a3a" className="UnitTests.StoreExample.DiscountCalculatorTest, UnitTests, Version=1.0.0.0, Culture=neutral, PublicKeyToken=null" name="Return22PctFor5YearsLoyalCustomerOnBirthDay" />
    </UnitTest>
    <UnitTest name="Return15PercentageForNewCustomer" storage="unittests\bin\debug\unittests.dll" id="2d7fed59-ad43-863d-5ed1-4532e934d973">
      <Execution id="3954ce8a-0f2e-4043-9ded-45a9099e13d9" />
      <TestMethod codeBase="F:/Development/Pluralsight_videos/Design Patterns/32_Rules Pattern/RulesDemo/UnitTests/bin/Debug/UnitTests.DLL" adapterTypeName="Microsoft.VisualStudio.TestTools.TestTypes.Unit.UnitTestAdapter, Microsoft.VisualStudio.QualityTools.Tips.UnitTest.Adapter, Version=10.0.0.0, Culture=neutral, PublicKeyToken=b03f5f7f11d50a3a" className="UnitTests.StoreExample.DiscountCalculatorTest, UnitTests, Version=1.0.0.0, Culture=neutral, PublicKeyToken=null" name="Return15PercentageForNewCustomer" />
    </UnitTest>
    <UnitTest name="Return12PctFor5YearsLoyalCustomer" storage="unittests\bin\debug\unittests.dll" id="93f30d89-6950-500d-977b-01832703a7c4">
      <Execution id="c00ff839-8751-40da-a07b-e85977ff9a7e" />
      <TestMethod codeBase="F:/Development/Pluralsight_videos/Design Patterns/32_Rules Pattern/RulesDemo/UnitTests/bin/Debug/UnitTests.DLL" adapterTypeName="Microsoft.VisualStudio.TestTools.TestTypes.Unit.UnitTestAdapter, Microsoft.VisualStudio.QualityTools.Tips.UnitTest.Adapter, Version=10.0.0.0, Culture=neutral, PublicKeyToken=b03f5f7f11d50a3a" className="UnitTests.StoreExample.DiscountCalculatorTest, UnitTests, Version=1.0.0.0, Culture=neutral, PublicKeyToken=null" name="Return12PctFor5YearsLoyalCustomer" />
    </UnitTest>
    <UnitTest name="Return5PercentSenior" storage="unittests\bin\debug\unittests.dll" id="8992ee32-3844-6cb3-c3b2-384cbb1be0f3">
      <Execution id="6eff3809-2a1b-4fbf-bef3-590553e1379f" />
      <TestMethod codeBase="F:/Development/Pluralsight_videos/Design Patterns/32_Rules Pattern/RulesDemo/UnitTests/bin/Debug/UnitTests.DLL" adapterTypeName="Microsoft.VisualStudio.TestTools.TestTypes.Unit.UnitTestAdapter, Microsoft.VisualStudio.QualityTools.Tips.UnitTest.Adapter, Version=10.0.0.0, Culture=neutral, PublicKeyToken=b03f5f7f11d50a3a" className="UnitTests.StoreExample.DiscountCalculatorTest, UnitTests, Version=1.0.0.0, Culture=neutral, PublicKeyToken=null" name="Return5PercentSenior" />
    </UnitTest>
  </TestDefinitions>
  <TestLists>
    <TestList name="Results Not in a List" id="8c84fa94-04c1-424b-9868-57a2d4851a1d" />
    <TestList name="All Loaded Results" id="19431567-8539-422a-85d7-44ee4e166bda" />
  </TestLists>
  <TestEntries>
    <TestEntry testId="93f30d89-6950-500d-977b-01832703a7c4" executionId="c00ff839-8751-40da-a07b-e85977ff9a7e" testListId="8c84fa94-04c1-424b-9868-57a2d4851a1d" />
    <TestEntry testId="2d7fed59-ad43-863d-5ed1-4532e934d973" executionId="3954ce8a-0f2e-4043-9ded-45a9099e13d9" testListId="8c84fa94-04c1-424b-9868-57a2d4851a1d" />
    <TestEntry testId="2510bde1-b454-8e81-4943-acb3a8ba55b4" executionId="69ebd7fe-3ad2-4a73-b64b-febca6df2379" testListId="8c84fa94-04c1-424b-9868-57a2d4851a1d" />
    <TestEntry testId="8992ee32-3844-6cb3-c3b2-384cbb1be0f3" executionId="6eff3809-2a1b-4fbf-bef3-590553e1379f" testListId="8c84fa94-04c1-424b-9868-57a2d4851a1d" />
  </TestEntries>
  <Results>
    <UnitTestResult executionId="c00ff839-8751-40da-a07b-e85977ff9a7e" testId="93f30d89-6950-500d-977b-01832703a7c4" testName="Return12PctFor5YearsLoyalCustomer" computerName="PRAVEEN-VAIO" duration="00:00:00.0604037" startTime="2013-07-02T01:20:53.6725652+05:30" endTime="2013-07-02T01:20:54.4951132+05:30" testType="13cdc9d9-ddb5-4fa4-a97d-d965ccfc6d4b" outcome="Passed" testListId="8c84fa94-04c1-424b-9868-57a2d4851a1d" relativeResultsDirectory="c00ff839-8751-40da-a07b-e85977ff9a7e">
    </UnitTestResult>
    <UnitTestResult executionId="3954ce8a-0f2e-4043-9ded-45a9099e13d9" testId="2d7fed59-ad43-863d-5ed1-4532e934d973" testName="Return15PercentageForNewCustomer" computerName="PRAVEEN-VAIO" duration="00:00:00.0025818" startTime="2013-07-02T01:20:54.5091225+05:30" endTime="2013-07-02T01:20:54.5201297+05:30" testType="13cdc9d9-ddb5-4fa4-a97d-d965ccfc6d4b" outcome="Passed" testListId="8c84fa94-04c1-424b-9868-57a2d4851a1d" relativeResultsDirectory="3954ce8a-0f2e-4043-9ded-45a9099e13d9">
    </UnitTestResult>
    <UnitTestResult executionId="69ebd7fe-3ad2-4a73-b64b-febca6df2379" testId="2510bde1-b454-8e81-4943-acb3a8ba55b4" testName="Return22PctFor5YearsLoyalCustomerOnBirthDay" computerName="PRAVEEN-VAIO" duration="00:00:00.0008132" startTime="2013-07-02T01:20:54.5251336+05:30" endTime="2013-07-02T01:20:54.5401430+05:30" testType="13cdc9d9-ddb5-4fa4-a97d-d965ccfc6d4b" outcome="Passed" testListId="8c84fa94-04c1-424b-9868-57a2d4851a1d" relativeResultsDirectory="69ebd7fe-3ad2-4a73-b64b-febca6df2379">
    </UnitTestResult>
    <UnitTestResult executionId="6eff3809-2a1b-4fbf-bef3-590553e1379f" testId="8992ee32-3844-6cb3-c3b2-384cbb1be0f3" testName="Return5PercentSenior" computerName="PRAVEEN-VAIO" duration="00:00:00.0009171" startTime="2013-07-02T01:20:54.5491492+05:30" endTime="2013-07-02T01:20:54.5591555+05:30" testType="13cdc9d9-ddb5-4fa4-a97d-d965ccfc6d4b" outcome="Passed" testListId="8c84fa94-04c1-424b-9868-57a2d4851a1d" relativeResultsDirectory="6eff3809-2a1b-4fbf-bef3-590553e1379f">
    </UnitTestResult>
  </Results>
</TestRun>